GowinSynthesis start
Running parser ...
Analyzing Verilog file 'C:\Users\tomek\Desktop\FPGA stuff\Tang Nano 9K\Projects\mandelbrot_lcd\src\top.sv'
Analyzing Verilog file 'C:\Users\tomek\Desktop\FPGA stuff\Tang Nano 9K\Projects\mandelbrot_lcd\src\lcd.sv'
Analyzing Verilog file 'C:\Users\tomek\Desktop\FPGA stuff\Tang Nano 9K\Projects\mandelbrot_lcd\src\mandelbrot.sv'
Compiling module 'top'("C:\Users\tomek\Desktop\FPGA stuff\Tang Nano 9K\Projects\mandelbrot_lcd\src\top.sv":2)
Compiling module 'lcd'("C:\Users\tomek\Desktop\FPGA stuff\Tang Nano 9K\Projects\mandelbrot_lcd\src\lcd.sv":13)
Compiling module 'mandelbrot'("C:\Users\tomek\Desktop\FPGA stuff\Tang Nano 9K\Projects\mandelbrot_lcd\src\mandelbrot.sv":3)
WARN  (EX3791) : Expression size 25 truncated to fit in target size 16("C:\Users\tomek\Desktop\FPGA stuff\Tang Nano 9K\Projects\mandelbrot_lcd\src\mandelbrot.sv":27)
WARN  (EX3791) : Expression size 25 truncated to fit in target size 16("C:\Users\tomek\Desktop\FPGA stuff\Tang Nano 9K\Projects\mandelbrot_lcd\src\mandelbrot.sv":29)
WARN  (EX3791) : Expression size 25 truncated to fit in target size 16("C:\Users\tomek\Desktop\FPGA stuff\Tang Nano 9K\Projects\mandelbrot_lcd\src\mandelbrot.sv":30)
WARN  (EX3791) : Expression size 32 truncated to fit in target size 5("C:\Users\tomek\Desktop\FPGA stuff\Tang Nano 9K\Projects\mandelbrot_lcd\src\mandelbrot.sv":51)
NOTE  (EX0101) : Current top module is "top"
[5%] Running netlist conversion ...
Running device independent optimization ...
[10%] Optimizing Phase 0 completed
[15%] Optimizing Phase 1 completed
[25%] Optimizing Phase 2 completed
Running inference ...
[30%] Inferring Phase 0 completed
[40%] Inferring Phase 1 completed
[50%] Inferring Phase 2 completed
[55%] Inferring Phase 3 completed
Running technical mapping ...
[60%] Tech-Mapping Phase 0 completed
[65%] Tech-Mapping Phase 1 completed
[75%] Tech-Mapping Phase 2 completed
[80%] Tech-Mapping Phase 3 completed
[90%] Tech-Mapping Phase 4 completed
[95%] Generate netlist file "C:\Users\tomek\Desktop\FPGA stuff\Tang Nano 9K\Projects\mandelbrot_lcd\impl\gwsynthesis\mandelbrot_lcd.vg" completed
[100%] Generate report file "C:\Users\tomek\Desktop\FPGA stuff\Tang Nano 9K\Projects\mandelbrot_lcd\impl\gwsynthesis\mandelbrot_lcd_syn.rpt.html" completed
GowinSynthesis finish
